logger=server t=2026-10-11T00:00:22.74+1300 lvl=info msg="Shutdown started" reason="System signal: terminated"
logger=tracing t=2026-10-11T00:00:22.74+1300 lvl=info msg="Closing tracing"
logger=ngalert t=2026-10-11T00:00:22.74+1300 lvl=eror msg="unable to fetch orgIds" msg="context canceled"
logger=settings t=2026-10-11T00:01:10.95+1300 lvl=info msg="Starting Grafana" version=8.5.0 commit=6134e3cf35 branch=HEAD compiled=2022-04-21T22:36:58+12:00
logger=settings t=2026-10-11T00:01:10.95+1300 lvl=info msg="The state of unified alerting is still not defined. The decision will be made during as we run the database migrations"
logger=settings t=2026-10-11T00:01:10.95+1300 lvl=info msg="Config loaded from" file=D:\CodeProjects\RandD\dashboard-generator\release/conf/defaults.ini
logger=settings t=2026-10-11T00:01:10.95+1300 lvl=info msg="Config loaded from" file=D:\CodeProjects\RandD\dashboard-generator\release\conf\custom.ini
logger=settings t=2026-10-11T00:01:10.95+1300 lvl=info msg="Path Home" path=D:\CodeProjects\RandD\dashboard-generator\release
logger=settings t=2026-10-11T00:01:10.95+1300 lvl=info msg="Path Data" path=D:\CodeProjects\RandD\dashboard-generator\release\data
logger=settings t=2026-10-11T00:01:10.95+1300 lvl=info msg="Path Logs" path=D:\CodeProjects\RandD\dashboard-generator\release\data\log
logger=settings t=2026-10-11T00:01:10.95+1300 lvl=info msg="Path Plugins" path=D:\CodeProjects\RandD\dashboard-generator\release\data\plugins
logger=settings t=2026-10-11T00:01:10.95+1300 lvl=info msg="Path Provisioning" path=D:\CodeProjects\RandD\dashboard-generator\release\conf\provisioning
logger=settings t=2026-10-11T00:01:10.95+1300 lvl=info msg="App mode production"
logger=sqlstore t=2026-10-11T00:01:10.95+1300 lvl=info msg="Connecting to DB" dbtype=sqlite3
logger=sqlstore t=2026-10-11T00:01:10.95+1300 lvl=warn msg="SQLite database file has broader permissions than it should" path=D:\CodeProjects\RandD\dashboard-generator\release\data\grafana.db mode=-rw-rw-rw- expected=-rw-r-----
logger=migrator t=2026-10-11T00:01:10.98+1300 lvl=info msg="Starting DB migrations"
logger=migrator t=2026-10-11T00:01:10.99+1300 lvl=info msg="migrations completed" performed=0 skipped=392 duration=0s
logger=grafanaStorageLogger t=2026-10-11T00:01:10.99+1300 lvl=warn msg="error loading storage" prefix=public-static err="open blob.Bucket: parse \"file://D:\\\\CodeProjects\\\\RandD\\\\dashboard-generator\\\\release\\\\public\": invalid port \":\\\\CodeProjects\\\\RandD\\\\dashboard-generator\\\\release\\\\public\" after host"
logger=plugin.manager t=2026-10-11T00:01:11.06+1300 lvl=info msg="Plugin registered" pluginId=aut-dashboardgenerator-app
logger=plugin.loader t=2026-10-11T00:01:11.98+1300 lvl=warn msg="Could not find root URL that matches running application URL" plugin=m-supply-foundation-msupply-regionmap appUrl=http://demo-board.msupply.org:3000/ rootUrls="unsupported value type"
logger=plugin.loader t=2026-10-11T00:01:11.99+1300 lvl=warn msg="Could not find root URL that matches running application URL" plugin=msupplyfoundation-table appUrl=http://demo-board.msupply.org:3000/ rootUrls="unsupported value type"
logger=plugin.loader t=2026-10-11T00:01:12+1300 lvl=warn msg="Could not find root URL that matches running application URL" plugin=m-supply-foundation-msupply-worldmap appUrl=http://demo-board.msupply.org:3000/ rootUrls="unsupported value type"
logger=plugin.loader t=2026-10-11T00:01:12.01+1300 lvl=warn msg="Could not find root URL that matches running application URL" plugin=msupplyfoundation-datasource appUrl=http://demo-board.msupply.org:3000/ rootUrls="unsupported value type"
logger=plugin.loader t=2026-10-11T00:01:12.02+1300 lvl=warn msg="Could not find root URL that matches running application URL" plugin=msupply-horizontal-bar appUrl=http://demo-board.msupply.org:3000/ rootUrls="unsupported value type"
logger=plugin.loader t=2026-10-11T00:01:12.02+1300 lvl=warn msg="Skipping loading plugin due to problem with signature" pluginID=m-supply-foundation-msupply-regionmap status=invalid
logger=plugin.loader t=2026-10-11T00:01:12.02+1300 lvl=warn msg="Skipping loading plugin due to problem with signature" pluginID=msupplyfoundation-table status=invalid
logger=plugin.loader t=2026-10-11T00:01:12.02+1300 lvl=warn msg="Skipping loading plugin due to problem with signature" pluginID=m-supply-foundation-msupply-worldmap status=invalid
logger=plugin.loader t=2026-10-11T00:01:12.02+1300 lvl=warn msg="Skipping loading plugin due to problem with signature" pluginID=msupplyfoundation-datasource status=invalid
logger=plugin.loader t=2026-10-11T00:01:12.02+1300 lvl=warn msg="Skipping loading plugin due to problem with signature" pluginID=msupply-horizontal-bar status=invalid
logger=query_data t=2026-10-11T00:01:12.03+1300 lvl=info msg="Query Service initialization"
logger=live.push_http t=2026-10-11T00:01:12.03+1300 lvl=info msg="Live Push Gateway initialization"
logger=provisioning.notifiers t=2026-10-11T00:01:12.14+1300 lvl=eror msg="Can't read alert notification provisioning files from directory" path=D:\CodeProjects\RandD\dashboard-generator\release\conf\provisioning\notifiers error="open D:\\CodeProjects\\RandD\\dashboard-generator\\release\\conf\\provisioning\\notifiers: The system cannot find the file specified."
logger=ngalert t=2026-10-11T00:01:12.14+1300 lvl=info msg="warming cache for startup"
logger=grafanaStorageLogger t=2026-10-11T00:01:12.14+1300 lvl=info msg="storage starting"
logger=provisioning.dashboard t=2026-10-11T00:01:12.14+1300 lvl=eror msg="can't read dashboard provisioning files from directory" path=D:\CodeProjects\RandD\dashboard-generator\release\conf\provisioning\dashboards error="open D:\\CodeProjects\\RandD\\dashboard-generator\\release\\conf\\provisioning\\dashboards: The system cannot find the file specified."
logger=ngalert.multiorg.alertmanager t=2026-10-11T00:01:12.14+1300 lvl=info msg="starting MultiOrg Alertmanager"
logger=http.server t=2026-10-11T00:01:12.14+1300 lvl=info msg="HTTP Server Listen" address=[::]:3000 protocol=http subUrl= socket=
logger=context traceID=00000000000000000000000000000000 userId=1 orgId=1 uname=admin t=2026-10-11T00:01:13.59+1300 lvl=info msg="Request Completed" method=GET path=/api/live/ws status=0 remote_addr=[::1] time_ms=1 duration=1.0453ms size=0 referer= traceID=00000000000000000000000000000000
logger=live t=2026-10-11T00:01:13.85+1300 lvl=info msg="Initialized channel handler" channel=grafana/dashboard/uid/EY127sip5 address=grafana/dashboard/uid/EY127sip5
logger=plugin.aut-dashboardgenerator-app t=2026-10-11T00:01:16.59+1300 lvl=info msg="RESOURCE PATH: get_key"
logger=plugin.aut-dashboardgenerator-app t=2026-10-11T00:01:16.59+1300 lvl=info msg="Plugin Request Completed" pluginVersion= duration=1.0679ms endpoint=callResource pluginId=aut-dashboardgenerator-app status=ok statusSource=plugin
logger=plugin.aut-dashboardgenerator-app t=2026-10-11T00:01:32.04+1300 lvl=info msg="RESOURCE PATH: get_key"
logger=plugin.aut-dashboardgenerator-app t=2026-10-11T00:01:32.04+1300 lvl=info msg="Plugin Request Completed" pluginVersion= pluginId=aut-dashboardgenerator-app status=ok statusSource=plugin duration=0s endpoint=callResource
logger=context traceID=00000000000000000000000000000000 userId=1 orgId=1 uname=admin t=2026-10-11T00:01:53.36+1300 lvl=info msg="Request Completed" method=GET path=/api/live/ws status=0 remote_addr=[::1] time_ms=1 duration=1.043ms size=0 referer= traceID=00000000000000000000000000000000
logger=live t=2026-10-11T00:01:53.41+1300 lvl=info msg="Initialized channel handler" channel=grafana/dashboard/uid/dashboard-generator-last-dashboard address=grafana/dashboard/uid/dashboard-generator-last-dashboard
logger=server t=2026-10-11T00:02:19.44+1300 lvl=info msg="Shutdown started" reason="System signal: terminated"
logger=ngalert t=2026-10-11T00:02:19.44+1300 lvl=eror msg="unable to fetch orgIds" msg="context canceled"
logger=tracing t=2026-10-11T00:02:19.44+1300 lvl=info msg="Closing tracing"
